// Jest Snapshot v1, https://goo.gl/fbAQLP

exports[`should render CardList component 1`] = `
<Card
  email="john@gmail.com"
  id={1}
  key="1"
  name="John Snow"
/>
`;
