// Jest Snapshot v1, https://goo.gl/fbAQLP

exports[`test CounterButton should render the CounterButton component 1`] = `
<button
  onClick={[Function]}
>
  Count: 
  0
</button>
`;
